// Jest Snapshot v1, https://goo.gl/fbAQLP

exports[`UnifiedNavigation Component Component Rendering should match snapshot 1`] = `
<div>
  <div
    class="MuiBox-root css-hi72og"
  >
    <div
      class="MuiBox-root css-1gmx5od"
    >
      <div
        class="MuiTabs-root css-vel6xf-MuiTabs-root"
      >
        <div
          class="MuiTabs-scrollableX MuiTabs-hideScrollbar css-i8yde5"
          style="width: 99px; height: 99px; position: absolute; top: -9999px; overflow: scroll;"
        />
        <div
          class="MuiTabs-scroller MuiTabs-hideScrollbar MuiTabs-scrollableX css-1fr578y-MuiTabs-scroller"
          style="margin-bottom: 0px;"
        >
          <div
            aria-label="unified navigation tabs"
            class="MuiTabs-list MuiTabs-flexContainer css-hzcega-MuiTabs-list"
            role="tablist"
          >
            <button
              aria-selected="false"
              class="MuiButtonBase-root MuiTab-root MuiTab-labelIcon MuiTab-textColorPrimary css-19y9fst-MuiButtonBase-root-MuiTab-root"
              role="tab"
              tabindex="-1"
              type="button"
            >
              <svg
                aria-hidden="true"
                class="MuiSvgIcon-root MuiSvgIcon-fontSizeMedium MuiTab-iconWrapper MuiTab-icon css-1umw9bq-MuiSvgIcon-root"
                data-testid="HomeIcon"
                focusable="false"
                viewBox="0 0 24 24"
              >
                <path
                  d="M10 20v-6h4v6h5v-8h3L12 3 2 12h3v8z"
                />
              </svg>
              Dashboard
            </button>
            <button
              aria-selected="false"
              class="MuiButtonBase-root MuiTab-root MuiTab-labelIcon MuiTab-textColorPrimary css-19y9fst-MuiButtonBase-root-MuiTab-root"
              role="tab"
              tabindex="-1"
              type="button"
            >
              <svg
                aria-hidden="true"
                class="MuiSvgIcon-root MuiSvgIcon-fontSizeMedium MuiTab-iconWrapper MuiTab-icon css-1umw9bq-MuiSvgIcon-root"
                data-testid="AssessmentIcon"
                focusable="false"
                viewBox="0 0 24 24"
              >
                <path
                  d="M19 3H5c-1.1 0-2 .9-2 2v14c0 1.1.9 2 2 2h14c1.1 0 2-.9 2-2V5c0-1.1-.9-2-2-2M9 17H7v-7h2zm4 0h-2V7h2zm4 0h-2v-4h2z"
                />
              </svg>
              标准评估
            </button>
            <button
              aria-selected="false"
              class="MuiButtonBase-root MuiTab-root MuiTab-labelIcon MuiTab-textColorPrimary css-19y9fst-MuiButtonBase-root-MuiTab-root"
              role="tab"
              tabindex="-1"
              type="button"
            >
              <svg
                aria-hidden="true"
                class="MuiSvgIcon-root MuiSvgIcon-fontSizeMedium MuiTab-iconWrapper MuiTab-icon css-1umw9bq-MuiSvgIcon-root"
                data-testid="RadarIcon"
                focusable="false"
                viewBox="0 0 24 24"
              >
                <path
                  d="M19.74 18.33C21.15 16.6 22 14.4 22 12c0-5.52-4.48-10-10-10S2 6.48 2 12s4.48 10 10 10c2.4 0 4.6-.85 6.33-2.26.27-.22.53-.46.78-.71.03-.03.05-.06.07-.08.2-.2.39-.41.56-.62M12 20c-4.41 0-8-3.59-8-8s3.59-8 8-8 8 3.59 8 8c0 1.85-.63 3.54-1.69 4.9l-1.43-1.43c.69-.98 1.1-2.17 1.1-3.46 0-3.31-2.69-6-6-6s-6 2.69-6 6 2.69 6 6 6c1.3 0 2.51-.42 3.49-1.13l1.42 1.42C15.54 19.37 13.85 20 12 20m1.92-7.49c.17-.66.02-1.38-.49-1.9l-.02-.02c-.77-.77-2-.78-2.78-.04-.01.01-.03.02-.05.04-.78.78-.78 2.05 0 2.83l.02.02c.52.51 1.25.67 1.91.49l1.51 1.51c-.6.36-1.29.58-2.04.58-2.21 0-4-1.79-4-4s1.79-4 4-4 4 1.79 4 4c0 .73-.21 1.41-.56 2z"
                />
              </svg>
              Radar Service
            </button>
            <button
              aria-selected="false"
              class="MuiButtonBase-root MuiTab-root MuiTab-labelIcon MuiTab-textColorPrimary css-19y9fst-MuiButtonBase-root-MuiTab-root"
              role="tab"
              tabindex="-1"
              type="button"
            >
              <svg
                aria-hidden="true"
                class="MuiSvgIcon-root MuiSvgIcon-fontSizeMedium MuiTab-iconWrapper MuiTab-icon css-1umw9bq-MuiSvgIcon-root"
                data-testid="DescriptionIcon"
                focusable="false"
                viewBox="0 0 24 24"
              >
                <path
                  d="M14 2H6c-1.1 0-1.99.9-1.99 2L4 20c0 1.1.89 2 1.99 2H18c1.1 0 2-.9 2-2V8zm2 16H8v-2h8zm0-4H8v-2h8zm-3-5V3.5L18.5 9z"
                />
              </svg>
              报告中心
            </button>
          </div>
          <span
            class="MuiTabs-indicator css-1qltlow-MuiTabs-indicator"
            style="left: 0px; width: 0px;"
          />
        </div>
      </div>
    </div>
  </div>
</div>
`;
